2026-08-16 06:29:27 │ INFO │ aiogram.dispatcher │ Start polling
2026-08-16 06:29:28 │ INFO │ aiogram.dispatcher │ Run polling for bot @hchkcardsbot id=8327063101 - 'hchk.cards'
2026-08-16 06:29:28 │ INFO │ aiogram.event │ Update id=941606882 is not handled. Duration 0 ms by bot id=8327063101
2026-08-16 06:29:28 │ INFO │ aiogram.event │ Update id=941606883 is not handled. Duration 0 ms by bot id=8327063101
2026-08-16 06:29:28 │ INFO │ aiogram.event │ Update id=941606884 is not handled. Duration 0 ms by bot id=8327063101
2026-08-16 06:29:28 │ INFO │ aiogram.event │ Update id=941606886 is not handled. Duration 0 ms by bot id=8327063101
2026-08-16 06:29:28 │ INFO │ aiogram.event │ Update id=941606888 is not handled. Duration 0 ms by bot id=8327063101
2026-08-16 06:29:28 │ INFO │ aiogram.event │ Update id=941606889 is not handled. Duration 0 ms by bot id=8327063101
2026-08-16 06:29:28 │ INFO │ aiogram.event │ Update id=941606890 is not handled. Duration 0 ms by bot id=8327063101
2026-08-16 06:29:28 │ INFO │ aiogram.event │ Update id=941606891 is not handled. Duration 0 ms by bot id=8327063101
2026-08-16 06:29:29 │ INFO │ aiogram.event │ Update id=941606885 is handled. Duration 747 ms by bot id=8327063101
2026-08-16 06:29:29 │ INFO │ aiogram.event │ Update id=941606881 is handled. Duration 853 ms by bot id=8327063101
2026-08-16 06:29:29 │ INFO │ aiogram.event │ Update id=941606887 is handled. Duration 941 ms by bot id=8327063101
2026-08-16 06:29:31 │ INFO │ aiogram.event │ Update id=941606892 is handled. Duration 266 ms by bot id=8327063101
2026-08-16 06:29:32 │ WARNING │ aiogram.dispatcher │ Received SIGINT signal
2026-08-16 06:29:32 │ INFO │ aiogram.dispatcher │ Polling stopped for bot @hchkcardsbot id=8327063101 - 'hchk.cards'
2026-08-16 06:29:32 │ INFO │ aiogram.dispatcher │ Polling stopped
2026-08-16 06:29:55 │ INFO │ aiogram.dispatcher │ Start polling
2026-08-16 06:29:55 │ INFO │ aiogram.dispatcher │ Run polling for bot @hchkcardsbot id=8327063101 - 'hchk.cards'
2026-08-16 06:29:56 │ INFO │ aiogram.event │ Update id=941606893 is handled. Duration 556 ms by bot id=8327063101
2026-08-16 06:29:58 │ INFO │ aiogram.event │ Update id=941606894 is not handled. Duration 0 ms by bot id=8327063101
2026-08-16 06:29:58 │ INFO │ aiogram.event │ Update id=941606895 is not handled. Duration 0 ms by bot id=8327063101
2026-08-16 06:29:59 │ INFO │ aiogram.event │ Update id=941606896 is not handled. Duration 0 ms by bot id=8327063101
2026-08-16 06:30:02 │ WARNING │ aiogram.dispatcher │ Received SIGINT signal
2026-08-16 06:30:02 │ INFO │ aiogram.dispatcher │ Polling stopped for bot @hchkcardsbot id=8327063101 - 'hchk.cards'
2026-08-16 06:30:02 │ INFO │ aiogram.dispatcher │ Polling stopped
2026-08-16 06:30:35 │ INFO │ aiogram.dispatcher │ Start polling
2026-08-16 06:30:35 │ INFO │ aiogram.dispatcher │ Run polling for bot @hchkcardsbot id=8327063101 - 'hchk.cards'
2026-08-16 06:30:36 │ INFO │ aiogram.event │ Update id=941606897 is handled. Duration 688 ms by bot id=8327063101
2026-08-16 06:30:47 │ INFO │ aiogram.dispatcher │ Start polling
2026-08-16 06:30:47 │ INFO │ aiogram.dispatcher │ Run polling for bot @hchkcardsbot id=8327063101 - 'hchk.cards'
2026-08-16 06:30:47 │ ERROR │ aiogram.dispatcher │ Failed to fetch updates - TelegramConflictError: Telegram server says - Conflict: terminated by other getUpdates request; make sure that only one bot instance is running
2026-08-16 06:30:47 │ WARNING │ aiogram.dispatcher │ Sleep for 1.000000 seconds and try again... (tryings = 0, bot id = 8327063101)
2026-08-16 06:30:52 │ ERROR │ aiogram.dispatcher │ Failed to fetch updates - TelegramConflictError: Telegram server says - Conflict: terminated by other getUpdates request; make sure that only one bot instance is running
2026-08-16 06:30:52 │ WARNING │ aiogram.dispatcher │ Sleep for 1.000000 seconds and try again... (tryings = 0, bot id = 8327063101)
2026-08-16 06:30:53 │ ERROR │ aiogram.dispatcher │ Failed to fetch updates - TelegramConflictError: Telegram server says - Conflict: terminated by other getUpdates request; make sure that only one bot instance is running
2026-08-16 06:30:53 │ WARNING │ aiogram.dispatcher │ Sleep for 1.359186 seconds and try again... (tryings = 1, bot id = 8327063101)
2026-08-16 06:30:54 │ WARNING │ aiogram.dispatcher │ Received SIGINT signal
2026-08-16 06:30:54 │ INFO │ aiogram.dispatcher │ Polling stopped for bot @hchkcardsbot id=8327063101 - 'hchk.cards'
2026-08-16 06:30:54 │ INFO │ aiogram.dispatcher │ Polling stopped
2026-08-16 06:31:04 │ INFO │ aiogram.dispatcher │ Connection established (tryings = 2, bot id = 8327063101)
2026-08-16 06:32:27 │ INFO │ aiogram.event │ Update id=941606898 is handled. Duration 961 ms by bot id=8327063101
2026-08-16 06:32:50 │ INFO │ aiogram.event │ Update id=941606899 is handled. Duration 274 ms by bot id=8327063101
2026-08-16 06:33:07 │ ERROR │ bot │ Unhandled: 'dork'
Traceback (most recent call last):
  File "/home/ubuntu/autoshopifyxx/venv/lib/python3.14/site-packages/aiogram/dispatcher/middlewares/error.py", line 27, in __call__
    return await handler(event, data)
           ^^^^^^^^^^^^^^^^^^^^^^^^^^
  File "/home/ubuntu/autoshopifyxx/venv/lib/python3.14/site-packages/aiogram/dispatcher/middlewares/user_context.py", line 58, in __call__
    return await handler(event, data)
           ^^^^^^^^^^^^^^^^^^^^^^^^^^
  File "/home/ubuntu/autoshopifyxx/venv/lib/python3.14/site-packages/aiogram/fsm/middleware.py", line 43, in __call__
    return await handler(event, data)
           ^^^^^^^^^^^^^^^^^^^^^^^^^^
  File "/home/ubuntu/autoshopifyxx/venv/lib/python3.14/site-packages/aiogram/dispatcher/event/telegram.py", line 126, in trigger
    return await wrapped_inner(event, kwargs)
           ^^^^^^^^^^^^^^^^^^^^^^^^^^^^^^^^^^
  File "/home/ubuntu/autoshopifyxx/venv/lib/python3.14/site-packages/aiogram/dispatcher/event/handler.py", line 71, in call
    return await wrapped()
           ^^^^^^^^^^^^^^^
  File "/home/ubuntu/autoshopifyxx/venv/lib/python3.14/site-packages/aiogram/dispatcher/dispatcher.py", line 283, in _listen_update
    return await self.propagate_event(update_type=update_type, event=event, **kwargs)
           ^^^^^^^^^^^^^^^^^^^^^^^^^^^^^^^^^^^^^^^^^^^^^^^^^^^^^^^^^^^^^^^^^^^^^^^^^^
  File "/home/ubuntu/autoshopifyxx/venv/lib/python3.14/site-packages/aiogram/dispatcher/router.py", line 167, in propagate_event
    return await observer.wrap_outer_middleware(_wrapped, event=event, data=kwargs)
           ^^^^^^^^^^^^^^^^^^^^^^^^^^^^^^^^^^^^^^^^^^^^^^^^^^^^^^^^^^^^^^^^^^^^^^^^
  File "/home/ubuntu/autoshopifyxx/venv/lib/python3.14/site-packages/aiogram/dispatcher/router.py", line 159, in _wrapped
    return await self._propagate_event(
           ^^^^^^^^^^^^^^^^^^^^^^^^^^^^
    ...<4 lines>...
    )
    ^
  File "/home/ubuntu/autoshopifyxx/venv/lib/python3.14/site-packages/aiogram/dispatcher/router.py", line 195, in _propagate_event
    response = await router.propagate_event(update_type=update_type, event=event, **kwargs)
               ^^^^^^^^^^^^^^^^^^^^^^^^^^^^^^^^^^^^^^^^^^^^^^^^^^^^^^^^^^^^^^^^^^^^^^^^^^^^
  File "/home/ubuntu/autoshopifyxx/venv/lib/python3.14/site-packages/aiogram/dispatcher/router.py", line 167, in propagate_event
    return await observer.wrap_outer_middleware(_wrapped, event=event, data=kwargs)
           ^^^^^^^^^^^^^^^^^^^^^^^^^^^^^^^^^^^^^^^^^^^^^^^^^^^^^^^^^^^^^^^^^^^^^^^^
  File "/home/ubuntu/autoshopifyxx/venv/lib/python3.14/site-packages/aiogram/dispatcher/router.py", line 159, in _wrapped
    return await self._propagate_event(
           ^^^^^^^^^^^^^^^^^^^^^^^^^^^^
    ...<4 lines>...
    )
    ^
  File "/home/ubuntu/autoshopifyxx/venv/lib/python3.14/site-packages/aiogram/dispatcher/router.py", line 187, in _propagate_event
    response = await observer.trigger(event, **kwargs)
               ^^^^^^^^^^^^^^^^^^^^^^^^^^^^^^^^^^^^^^^
  File "/home/ubuntu/autoshopifyxx/venv/lib/python3.14/site-packages/aiogram/dispatcher/event/telegram.py", line 126, in trigger
    return await wrapped_inner(event, kwargs)
           ^^^^^^^^^^^^^^^^^^^^^^^^^^^^^^^^^^
  File "/home/ubuntu/autoshopifyxx/bot.py", line 981, in __call__
    return await handler(event, data)
           ^^^^^^^^^^^^^^^^^^^^^^^^^^
  File "/home/ubuntu/autoshopifyxx/venv/lib/python3.14/site-packages/aiogram/dispatcher/event/handler.py", line 71, in call
    return await wrapped()
           ^^^^^^^^^^^^^^^
  File "/home/ubuntu/autoshopifyxx/bot.py", line 1047, in cmd_cmds
    text = format_welcome_card(
        message.from_user.id,
    ...<3 lines>...
        user_auth.get_limit(message.from_user.id),
    )
  File "/home/ubuntu/autoshopifyxx/bot.py", line 894, in format_welcome_card
    f"{pe(E['dork'])} /dork — {it('url scraper')}",
          ~^^^^^^^^
KeyError: 'dork'
2026-08-16 06:33:07 │ INFO │ aiogram.event │ Update id=941606900 is handled. Duration 8 ms by bot id=8327063101
2026-08-16 06:33:14 │ INFO │ aiogram.event │ Update id=941606901 is not handled. Duration 0 ms by bot id=8327063101
2026-08-16 06:33:30 │ INFO │ aiogram.event │ Update id=941606902 is handled. Duration 533 ms by bot id=8327063101
2026-08-16 06:33:32 │ INFO │ aiogram.event │ Update id=941606903 is not handled. Duration 0 ms by bot id=8327063101
2026-08-16 06:33:32 │ INFO │ aiogram.event │ Update id=941606904 is not handled. Duration 0 ms by bot id=8327063101
2026-08-16 06:33:57 │ INFO │ aiogram.event │ Update id=941606905 is not handled. Duration 0 ms by bot id=8327063101
